// Jest Snapshot v1, https://goo.gl/fbAQLP

exports[`Pruebas en el <CounterApp /> debe de hacer match con el snapshot 1`] = `
<div>
  <h2>
    AppTest Jest 
    name test default
  </h2>
  <h1>
    10
  </h1>
  <button>
    +1
  </button>
  <button>
    -1
  </button>
  <button
    aria-label="btn-reset"
  >
    reset
  </button>
</div>
`;
