// Jest Snapshot v1, https://goo.gl/fbAQLP

exports[`Puebas en <FirstApp /> Debe hacer match con el snapshot 1`] = `
<div>
  <h1
    class="mt-2"
  >
     
    Hola, Soy Armando
     
  </h1>
  <hr />
  <p>
     
    No tiene sub-titulo
     
  </p>
  <p>
     
    No tiene name
     
  </p>
</div>
`;
